I'm sorry, but errors were detected in your script. Please correct the
errors listed below, and try again.


File "game/script.rpy", line 129: expected ':' not found.
    label choice2_yes
                     ^

Ren'Py Version: Ren'Py 8.3.2.24090902
Fri Dec 20 13:50:29 2024
